<!DOCTYPE html>
<html>
  <head>
    <meta charset="utf-8">
    <title>Test page</title>
  </head>
  <body>
    <h1>Localised versions of <code>test.pug</code>
    </h1>
    <p>Locale: "en"</p>
    <h2>Working with filters</h2>
    <p>Fruits are often tasty.</p>
    <p>Jim's pears usually tasty.</p>
    <p>Frank's apples are usually tasty too.</p>
    <p>Comparing Jim's apples and Frank's pears is not fair.</p>
    <p>1 pear is just one..</p>
    <p>2 pears is better than 1</p>
    <h2>Working with javascript functions</h2>
    <ul>
      <li>Number of apples: 1</li>
      <li>Number of pears: 5</li>
    </ul>
    <p>What would you say if I gave you 1 tasty apple?</p>
    <p>What would you say if I gave you 5 spoiled pears?</p>
  </body>
</html>
