<!DOCTYPE html>
<html>
  <head>
    <meta charset="utf-8">
    <title>Test pagina</title>
  </head>
  <body>
    <h1>Gelocaliseerde versie van <code>test.pug</code>
    </h1>
    <p>Locale: "nl"</p>
    <h2>Werken met filters</h2>
    <p>Fruit is vaak lekker.</p>
    <p>Jims peren zijn meestal lekker.</p>
    <p>Franks appels zijn meestal ook wel lekker.</p>
    <p>Jims appels vergelijken met Franks peren is niet eerlijk.</p>
    <p>1 peer is er maar een..</p>
    <p>2 peren is beter dan 1</p>
    <h2>Met javascript functies werken</h2>
    <ul>
      <li>Aantal appels: 1</li>
      <li>Aantal peren: 5</li>
    </ul>
    <p>Wat zou je ervan vinden als ik je 1 smakelijke appel gaf?</p>
    <p>Wat zou je ervan vinden als ik je 5 bedorven peren gaf?</p>
  </body>
</html>
