<!DOCTYPE html>
<html>
  <head>
    <meta charset="utf-8">
    <title>Test page</title>
  </head>
  <body>
    <h1>Localised versions of <code>test.pug</code></h1>
    <p>What would you say if I gave you 1 tasty apple?</p>
    <p>What would you say if I gave you 5 spoiled pears?</p>
  </body>
</html>
